Menu Principal
1 - Abrir ficheiro
2 - Guardar ficheiro
3 - Ver data
4 - Avançar data
5 - Menu de gestão de utentes
6 - Menu de gestão de obras
7 - Menu de gestão de requisições
0 - Sair
Escolha uma opção: 6
Menu de obras
1 - Mostrar obra
2 - Mostrar todas as obras
3 - Efectuar pesquisa de termos
4 - Mostrar todas as obras de um criador
5 - Alterar inventário de uma obra
0 - Sair
Escolha uma opção: 4
Introduza o identificador do criador: Joao Fonseca
1 - 2 de 2 - Livro - A arte de sobreviver no 36 - 20 - Ficção - Joao Fonseca - 1234567892
Menu de obras
1 - Mostrar obra
2 - Mostrar todas as obras
3 - Efectuar pesquisa de termos
4 - Mostrar todas as obras de um criador
5 - Alterar inventário de uma obra
0 - Sair
Escolha uma opção: 4
Introduza o identificador do criador: Fernando Fonseca
3 - 10 de 10 - DVD - Era uma vez na Amadora - 20 - Ficção - Fernando Fonseca - 200505550
Menu de obras
1 - Mostrar obra
2 - Mostrar todas as obras
3 - Efectuar pesquisa de termos
4 - Mostrar todas as obras de um criador
5 - Alterar inventário de uma obra
0 - Sair
Escolha uma opção: 0
Menu Principal
1 - Abrir ficheiro
2 - Guardar ficheiro
3 - Ver data
4 - Avançar data
5 - Menu de gestão de utentes
6 - Menu de gestão de obras
7 - Menu de gestão de requisições
0 - Sair
Escolha uma opção: 0
