Menu Principal
1 - Abrir ficheiro
2 - Guardar ficheiro
3 - Ver data
4 - Avançar data
5 - Menu de gestão de utentes
6 - Menu de gestão de obras
7 - Menu de gestão de requisições
0 - Sair
Escolha uma opção: Menu de obras
1 - Mostrar obra
2 - Mostrar todas as obras
3 - Efectuar pesquisa de termos
4 - Mostrar todas as obras de um criador
5 - Alterar inventário de uma obra
0 - Sair
Escolha uma opção: Introduza o número da obra: 2 - 5 de 5 - Livro - Analise Matematica sem Mestre - 29 - Técnica e Científica - Jorge Espiga; Carlos Fonseca - 1234567890
Menu de obras
1 - Mostrar obra
2 - Mostrar todas as obras
3 - Efectuar pesquisa de termos
4 - Mostrar todas as obras de um criador
5 - Alterar inventário de uma obra
0 - Sair
Escolha uma opção: Introduza o número da obra: 5 - 22 de 22 - Livro - A arte de sobreviver no 36 - 30 - Ficção - Joao Fonseca; Brázio Rodrigues; Ana Dias; Carlos Amaral; António - 1234567892
Menu de obras
1 - Mostrar obra
2 - Mostrar todas as obras
3 - Efectuar pesquisa de termos
4 - Mostrar todas as obras de um criador
5 - Alterar inventário de uma obra
0 - Sair
Escolha uma opção: Menu Principal
1 - Abrir ficheiro
2 - Guardar ficheiro
3 - Ver data
4 - Avançar data
5 - Menu de gestão de utentes
6 - Menu de gestão de obras
7 - Menu de gestão de requisições
0 - Sair
Escolha uma opção: 